[0m22:16:01.447898 [debug] [MainThread]: Sending event: {'category': 'dbt', 'action': 'invocation', 'label': 'start', 'context': [<snowplow_tracker.self_describing_json.SelfDescribingJson object at 0x0000028FE092D590>, <snowplow_tracker.self_describing_json.SelfDescribingJson object at 0x0000028FE5118FD0>, <snowplow_tracker.self_describing_json.SelfDescribingJson object at 0x0000028FE0927E10>]}


============================== 22:16:01.459126 | af2dea5b-5869-449a-8d09-a9da8cc07d78 ==============================
[0m22:16:01.459126 [info ] [MainThread]: Running with dbt=1.12.5
[0m22:16:01.459126 [debug] [MainThread]: running dbt with arguments {'version_check': 'True', 'no_print': 'None', 'maximum_seed_size_mib': '1', 'target_path': 'None', 'warn_error_options': 'WarnErrorOptionsV2(error=[], warn=[], silence=[])', 'static_parser': 'True', 'printer_width': '80', 'write_json': 'True', 'empty': 'None', 'log_cache_events': 'False', 'introspect': 'True', 'cache_selected_only': 'False', 'fail_fast': 'False', 'debug': 'False', 'log_format': 'default', 'partial_parse': 'True', 'send_anonymous_usage_stats': 'True', 'quiet': 'False', 'warn_error': 'None', 'profiles_dir': 'src/data_pipeline/dbt', 'indirect_selection': 'eager', 'hints_enabled': 'True', 'use_colors': 'True', 'use_experimental_parser': 'False', 'invocation_command': 'dbt debug', 'log_path': 'logs'}
[0m22:16:02.004523 [info ] [MainThread]: dbt version: 1.12.5
[0m22:16:02.008414 [info ] [MainThread]: python version: 3.11.9
[0m22:16:02.010807 [info ] [MainThread]: python path: C:\workspace\my-distributed-data-pipeline\.venv\Scripts\python.exe
[0m22:16:02.012811 [info ] [MainThread]: os info: Windows-10-10.0.26200-SP0
[0m22:16:02.142229 [info ] [MainThread]: Using profiles dir at src/data_pipeline/dbt
[0m22:16:02.142229 [info ] [MainThread]: Using profiles.yml file at src/data_pipeline/dbt\profiles.yml
[0m22:16:02.142229 [info ] [MainThread]: Using dbt_project.yml file at C:\workspace\my-distributed-data-pipeline\dbt_project.yml
[0m22:16:02.142229 [info ] [MainThread]: adapter type: postgres
[0m22:16:02.142229 [info ] [MainThread]: adapter version: 1.11.0
[0m22:16:02.150921 [info ] [MainThread]: Configuration:
[0m22:16:02.153233 [info ] [MainThread]:   profiles.yml file [[32mOK found and valid[0m]
[0m22:16:02.153233 [info ] [MainThread]:   dbt_project.yml file [[31mERROR not found[0m]
[0m22:16:02.153233 [info ] [MainThread]: Required dependencies:
[0m22:16:02.153233 [debug] [MainThread]: Executing "git --help"
[0m22:16:02.216001 [debug] [MainThread]: STDOUT: "b"usage: git [-v | --version] [-h | --help] [-C <path>] [-c <name>=<value>]\n           [--exec-path[=<path>]] [--html-path] [--man-path] [--info-path]\n           [-p | --paginate | -P | --no-pager] [--no-replace-objects] [--no-lazy-fetch]\n           [--no-optional-locks] [--no-advice] [--bare] [--git-dir=<path>]\n           [--work-tree=<path>] [--namespace=<name>] [--config-env=<name>=<envvar>]\n           <command> [<args>]\n\nThese are common Git commands used in various situations:\n\nstart a working area (see also: git help tutorial)\n   clone     Clone a repository into a new directory\n   init      Create an empty Git repository or reinitialize an existing one\n\nwork on the current change (see also: git help everyday)\n   add       Add file contents to the index\n   mv        Move or rename a file, a directory, or a symlink\n   restore   Restore working tree files\n   rm        Remove files from the working tree and from the index\n\nexamine the history and state (see also: git help revisions)\n   bisect    Use binary search to find the commit that introduced a bug\n   diff      Show changes between commits, commit and working tree, etc\n   grep      Print lines matching a pattern\n   log       Show commit logs\n   show      Show various types of objects\n   status    Show the working tree status\n\ngrow, mark and tweak your common history\n   branch    List, create, or delete branches\n   commit    Record changes to the repository\n   merge     Join two or more development histories together\n   rebase    Reapply commits on top of another base tip\n   reset     Reset current HEAD to the specified state\n   switch    Switch branches\n   tag       Create, list, delete or verify a tag object signed with GPG\n\ncollaborate (see also: git help workflows)\n   fetch     Download objects and refs from another repository\n   pull      Fetch from and integrate with another repository or a local branch\n   push      Update remote refs along with associated objects\n\n'git help -a' and 'git help -g' list available subcommands and some\nconcept guides. See 'git help <command>' or 'git help <concept>'\nto read about a specific subcommand or concept.\nSee 'git help git' for an overview of the system.\n""
[0m22:16:02.216001 [debug] [MainThread]: STDERR: "b''"
[0m22:16:02.218548 [info ] [MainThread]:  - git [[32mOK found[0m]

[0m22:16:02.218548 [info ] [MainThread]: Connection:
[0m22:16:02.218548 [info ] [MainThread]:   host: localhost
[0m22:16:02.218548 [info ] [MainThread]:   port: 5433
[0m22:16:02.223369 [info ] [MainThread]:   user: warehouse
[0m22:16:02.223369 [info ] [MainThread]:   database: warehouse
[0m22:16:02.225396 [info ] [MainThread]:   schema: public
[0m22:16:02.225396 [info ] [MainThread]:   connect_timeout: 10
[0m22:16:02.227482 [info ] [MainThread]:   role: None
[0m22:16:02.227482 [info ] [MainThread]:   search_path: None
[0m22:16:02.230199 [info ] [MainThread]:   keepalives_idle: 0
[0m22:16:02.231854 [info ] [MainThread]:   sslmode: None
[0m22:16:02.231854 [info ] [MainThread]:   sslcert: None
[0m22:16:02.231854 [info ] [MainThread]:   sslkey: None
[0m22:16:02.235734 [info ] [MainThread]:   sslrootcert: None
[0m22:16:02.235734 [info ] [MainThread]:   application_name: dbt
[0m22:16:02.235734 [info ] [MainThread]:   autocommit: False
[0m22:16:02.235734 [info ] [MainThread]:   retries: 1
[0m22:16:02.239845 [info ] [MainThread]: Registered adapter: postgres=1.11.0
[0m22:16:02.961823 [debug] [MainThread]: Acquiring new postgres connection 'debug'
[0m22:16:06.994972 [debug] [MainThread]: Using postgres connection "debug"
[0m22:16:06.995488 [debug] [MainThread]: On debug: select 1 as id
[0m22:16:06.996555 [debug] [MainThread]: Opening a new connection, currently in state init
[0m22:16:07.032959 [debug] [MainThread]: SQL status: SELECT 1 in 0.036 seconds
[0m22:16:07.034494 [debug] [MainThread]: On debug: Close
[0m22:16:07.035002 [info ] [MainThread]:   Connection test: [[32mOK connection ok[0m]

[0m22:16:07.036007 [info ] [MainThread]: [31m1 check failed:[0m
[0m22:16:07.037916 [info ] [MainThread]: Project loading failed for the following reason:
 project path <C:\workspace\my-distributed-data-pipeline\dbt_project.yml> not found

[0m22:16:07.041216 [debug] [MainThread]: Command `dbt debug` failed at 22:16:07.041216 after 5.78 seconds
[0m22:16:07.042319 [debug] [MainThread]: Connection 'debug' was properly closed.
[0m22:16:07.043416 [debug] [MainThread]: Sending event: {'category': 'dbt', 'action': 'invocation', 'label': 'end', 'context': [<snowplow_tracker.self_describing_json.SelfDescribingJson object at 0x0000028FE5123250>, <snowplow_tracker.self_describing_json.SelfDescribingJson object at 0x0000028FE5339650>, <snowplow_tracker.self_describing_json.SelfDescribingJson object at 0x0000028FE5058690>]}
[0m22:16:07.043956 [debug] [MainThread]: Flushing usage events
[0m22:16:11.516372 [debug] [MainThread]: An error was encountered while trying to flush usage events
